Command line invocation:
    /Applications/Xcode.app/Contents/Developer/usr/bin/xcodebuild -workspace TealiumSampleApp.xcworkspace -scheme TealiumSampleApp -configuration Debug -sdk iphonesimulator -destination "generic/platform=iOS Simulator" build

Build settings from command line:
    SDKROOT = iphonesimulator26.1

2025-11-25 23:54:26.412 xcodebuild[24938:477161] [MT] IDERunDestination: Supported platforms for the buildables in the current scheme is empty.
ComputePackagePrebuildTargetDependencyGraph

Prepare packages

CreateBuildRequest

SendProjectDescription

CreateBuildOperation

ComputeTargetDependencyGraph
note: Building targets in dependency order
note: Target dependency graph (3 targets)
    Target 'TealiumSampleApp' in project 'TealiumSampleApp'
        ➜ Implicit dependency on target 'Pods-TealiumSampleApp' in project 'Pods' via file 'Pods_TealiumSampleApp.framework' in build phase 'Link Binary'
        ➜ Implicit dependency on target 'tealium-swift' in project 'Pods' via options '-framework TealiumSwift' in build setting 'OTHER_LDFLAGS'
    Target 'Pods-TealiumSampleApp' in project 'Pods'
        ➜ Explicit dependency on target 'tealium-swift' in project 'Pods'
    Target 'tealium-swift' in project 'Pods' (no dependencies)

GatherProvisioningInputs

CreateBuildDescription

ExecuteExternalTool /Applications/Xcode.app/Contents/Developer/Toolchains/XcodeDefault.xctoolchain/usr/bin/clang -v -E -dM -isysroot /Applications/Xcode.app/Contents/Developer/Platforms/iPhoneSimulator.platform/Developer/SDKs/iPhoneSimulator26.1.sdk -x c -c /dev/null

ExecuteExternalTool /Applications/Xcode.app/Contents/Developer/Toolchains/XcodeDefault.xctoolchain/usr/bin/clang -v -E -dM -arch arm64 -isysroot /Applications/Xcode.app/Contents/Developer/Platforms/iPhoneSimulator.platform/Developer/SDKs/iPhoneSimulator26.1.sdk -x c -c /dev/null

ExecuteExternalTool /Applications/Xcode.app/Contents/Developer/Toolchains/XcodeDefault.xctoolchain/usr/bin/swiftc --version

ExecuteExternalTool /Applications/Xcode.app/Contents/Developer/Toolchains/XcodeDefault.xctoolchain/usr/bin/clang -v -E -dM -arch arm64 -isysroot /Applications/Xcode.app/Contents/Developer/Platforms/iPhoneSimulator.platform/Developer/SDKs/iPhoneSimulator26.1.sdk -x objective-c -c /dev/null

ExecuteExternalTool /Applications/Xcode.app/Contents/Developer/Toolchains/XcodeDefault.xctoolchain/usr/bin/libtool -V

ExecuteExternalTool /Applications/Xcode.app/Contents/Developer/Toolchains/XcodeDefault.xctoolchain/usr/bin/clang -v -E -dM -arch x86_64 -isysroot /Applications/Xcode.app/Contents/Developer/Platforms/iPhoneSimulator.platform/Developer/SDKs/iPhoneSimulator26.1.sdk -x c -c /dev/null

ExecuteExternalTool /Applications/Xcode.app/Contents/Developer/Toolchains/XcodeDefault.xctoolchain/usr/bin/ld -version_details

ExecuteExternalTool /Applications/Xcode.app/Contents/Developer/Toolchains/XcodeDefault.xctoolchain/usr/bin/clang -v -E -dM -arch x86_64 -isysroot /Applications/Xcode.app/Contents/Developer/Platforms/iPhoneSimulator.platform/Developer/SDKs/iPhoneSimulator26.1.sdk -x objective-c -c /dev/null

Build description signature: 3790c3cc6c454b547853f6f5ca9177b6
Build description path: /Users/ryunosuke.senda/Library/Developer/Xcode/DerivedData/TealiumSampleApp-apaqijhcbzmbopbeyjnitpmdqfqn/Build/Intermediates.noindex/XCBuildData/3790c3cc6c454b547853f6f5ca9177b6.xcbuilddata
ClangStatCache /Applications/Xcode.app/Contents/Developer/Toolchains/XcodeDefault.xctoolchain/usr/bin/clang-stat-cache /Applications/Xcode.app/Contents/Developer/Platforms/iPhoneSimulator.platform/Developer/SDKs/iPhoneSimulator26.1.sdk /Users/ryunosuke.senda/Library/Developer/Xcode/DerivedData/SDKStatCaches.noindex/iphonesimulator26.1-23B77-90cf18a4295e390e64c810bc6bd7acbc.sdkstatcache
    cd /Users/ryunosuke.senda/Documents/dev/swiftSDK/TealiumSampleApp
    /Applications/Xcode.app/Contents/Developer/Toolchains/XcodeDefault.xctoolchain/usr/bin/clang-stat-cache /Applications/Xcode.app/Contents/Developer/Platforms/iPhoneSimulator.platform/Developer/SDKs/iPhoneSimulator26.1.sdk -o /Users/ryunosuke.senda/Library/Developer/Xcode/DerivedData/SDKStatCaches.noindex/iphonesimulator26.1-23B77-90cf18a4295e390e64c810bc6bd7acbc.sdkstatcache

ProcessInfoPlistFile /Users/ryunosuke.senda/Library/Developer/Xcode/DerivedData/TealiumSampleApp-apaqijhcbzmbopbeyjnitpmdqfqn/Build/Products/Debug-iphonesimulator/tealium-swift/TealiumSwift.framework/Info.plist /Users/ryunosuke.senda/Documents/dev/swiftSDK/TealiumSampleApp/Pods/Target\ Support\ Files/tealium-swift/tealium-swift-Info.plist (in target 'tealium-swift' from project 'Pods')
    cd /Users/ryunosuke.senda/Documents/dev/swiftSDK/TealiumSampleApp/Pods
    builtin-infoPlistUtility /Users/ryunosuke.senda/Documents/dev/swiftSDK/TealiumSampleApp/Pods/Target\ Support\ Files/tealium-swift/tealium-swift-Info.plist -producttype com.apple.product-type.framework -expandbuildsettings -format binary -platform iphonesimulator -o /Users/ryunosuke.senda/Library/Developer/Xcode/DerivedData/TealiumSampleApp-apaqijhcbzmbopbeyjnitpmdqfqn/Build/Products/Debug-iphonesimulator/tealium-swift/TealiumSwift.framework/Info.plist

/Users/ryunosuke.senda/Documents/dev/swiftSDK/TealiumSampleApp/Pods/Pods.xcodeproj: warning: The iOS Simulator deployment target 'IPHONEOS_DEPLOYMENT_TARGET' is set to 11.0, but the range of supported deployment target versions is 12.0 to 26.1.99. (in target 'Pods-TealiumSampleApp' from project 'Pods')
ProcessInfoPlistFile /Users/ryunosuke.senda/Library/Developer/Xcode/DerivedData/TealiumSampleApp-apaqijhcbzmbopbeyjnitpmdqfqn/Build/Products/Debug-iphonesimulator/Pods_TealiumSampleApp.framework/Info.plist /Users/ryunosuke.senda/Documents/dev/swiftSDK/TealiumSampleApp/Pods/Target\ Support\ Files/Pods-TealiumSampleApp/Pods-TealiumSampleApp-Info.plist (in target 'Pods-TealiumSampleApp' from project 'Pods')
    cd /Users/ryunosuke.senda/Documents/dev/swiftSDK/TealiumSampleApp/Pods
    builtin-infoPlistUtility /Users/ryunosuke.senda/Documents/dev/swiftSDK/TealiumSampleApp/Pods/Target\ Support\ Files/Pods-TealiumSampleApp/Pods-TealiumSampleApp-Info.plist -producttype com.apple.product-type.framework -expandbuildsettings -format binary -platform iphonesimulator -o /Users/ryunosuke.senda/Library/Developer/Xcode/DerivedData/TealiumSampleApp-apaqijhcbzmbopbeyjnitpmdqfqn/Build/Products/Debug-iphonesimulator/Pods_TealiumSampleApp.framework/Info.plist

Ld /Users/ryunosuke.senda/Library/Developer/Xcode/DerivedData/TealiumSampleApp-apaqijhcbzmbopbeyjnitpmdqfqn/Build/Intermediates.noindex/TealiumSampleApp.build/Debug-iphonesimulator/TealiumSampleApp.build/Objects-normal/arm64/Binary/__preview.dylib normal arm64 (in target 'TealiumSampleApp' from project 'TealiumSampleApp')
    cd /Users/ryunosuke.senda/Documents/dev/swiftSDK/TealiumSampleApp
    /Applications/Xcode.app/Contents/Developer/Toolchains/XcodeDefault.xctoolchain/usr/bin/clang -Xlinker -reproducible -target arm64-apple-ios14.0-simulator -dynamiclib -isysroot /Applications/Xcode.app/Contents/Developer/Platforms/iPhoneSimulator.platform/Developer/SDKs/iPhoneSimulator26.1.sdk -O0 -L/Users/ryunosuke.senda/Library/Developer/Xcode/DerivedData/TealiumSampleApp-apaqijhcbzmbopbeyjnitpmdqfqn/Build/Products/Debug-iphonesimulator -L/Applications/Xcode.app/Contents/Developer/Toolchains/XcodeDefault.xctoolchain/usr/lib/swift/iphonesimulator -L/Applications/Xcode.app/Contents/Developer/Platforms/iPhoneSimulator.platform/Developer/SDKs/iPhoneSimulator26.1.sdk/usr/lib/swift -F/Users/ryunosuke.senda/Library/Developer/Xcode/DerivedData/TealiumSampleApp-apaqijhcbzmbopbeyjnitpmdqfqn/Build/Products/Debug-iphonesimulator -F/Users/ryunosuke.senda/Library/Developer/Xcode/DerivedData/TealiumSampleApp-apaqijhcbzmbopbeyjnitpmdqfqn/Build/Products/Debug-iphonesimulator/tealium-swift -install_name @rpath/TealiumSampleApp.debug.dylib -dead_strip -rdynamic -Xlinker -no_deduplicate -Xlinker -objc_abi_version -Xlinker 2 -Xlinker -dependency_info -Xlinker /Users/ryunosuke.senda/Library/Developer/Xcode/DerivedData/TealiumSampleApp-apaqijhcbzmbopbeyjnitpmdqfqn/Build/Intermediates.noindex/TealiumSampleApp.build/Debug-iphonesimulator/TealiumSampleApp.build/Objects-normal/arm64/TealiumSampleApp_dependency_info.dat -Xlinker -sectcreate -Xlinker __TEXT -Xlinker __entitlements -Xlinker /Users/ryunosuke.senda/Library/Developer/Xcode/DerivedData/TealiumSampleApp-apaqijhcbzmbopbeyjnitpmdqfqn/Build/Intermediates.noindex/TealiumSampleApp.build/Debug-iphonesimulator/TealiumSampleApp.build/TealiumSampleApp.app-Simulated.xcent -Xlinker -sectcreate -Xlinker __TEXT -Xlinker __ents_der -Xlinker /Users/ryunosuke.senda/Library/Developer/Xcode/DerivedData/TealiumSampleApp-apaqijhcbzmbopbeyjnitpmdqfqn/Build/Intermediates.noindex/TealiumSampleApp.build/Debug-iphonesimulator/TealiumSampleApp.build/TealiumSampleApp.app-Simulated.xcent.der -Xlinker -no_adhoc_codesign -o /Users/ryunosuke.senda/Library/Developer/Xcode/DerivedData/TealiumSampleApp-apaqijhcbzmbopbeyjnitpmdqfqn/Build/Intermediates.noindex/TealiumSampleApp.build/Debug-iphonesimulator/TealiumSampleApp.build/Objects-normal/arm64/Binary/__preview.dylib

Ld /Users/ryunosuke.senda/Library/Developer/Xcode/DerivedData/TealiumSampleApp-apaqijhcbzmbopbeyjnitpmdqfqn/Build/Intermediates.noindex/TealiumSampleApp.build/Debug-iphonesimulator/TealiumSampleApp.build/Objects-normal/x86_64/Binary/__preview.dylib normal x86_64 (in target 'TealiumSampleApp' from project 'TealiumSampleApp')
    cd /Users/ryunosuke.senda/Documents/dev/swiftSDK/TealiumSampleApp
    /Applications/Xcode.app/Contents/Developer/Toolchains/XcodeDefault.xctoolchain/usr/bin/clang -Xlinker -reproducible -target x86_64-apple-ios14.0-simulator -dynamiclib -isysroot /Applications/Xcode.app/Contents/Developer/Platforms/iPhoneSimulator.platform/Developer/SDKs/iPhoneSimulator26.1.sdk -O0 -L/Users/ryunosuke.senda/Library/Developer/Xcode/DerivedData/TealiumSampleApp-apaqijhcbzmbopbeyjnitpmdqfqn/Build/Products/Debug-iphonesimulator -L/Applications/Xcode.app/Contents/Developer/Toolchains/XcodeDefault.xctoolchain/usr/lib/swift/iphonesimulator -L/Applications/Xcode.app/Contents/Developer/Platforms/iPhoneSimulator.platform/Developer/SDKs/iPhoneSimulator26.1.sdk/usr/lib/swift -F/Users/ryunosuke.senda/Library/Developer/Xcode/DerivedData/TealiumSampleApp-apaqijhcbzmbopbeyjnitpmdqfqn/Build/Products/Debug-iphonesimulator -F/Users/ryunosuke.senda/Library/Developer/Xcode/DerivedData/TealiumSampleApp-apaqijhcbzmbopbeyjnitpmdqfqn/Build/Products/Debug-iphonesimulator/tealium-swift -install_name @rpath/TealiumSampleApp.debug.dylib -dead_strip -rdynamic -Xlinker -no_deduplicate -Xlinker -objc_abi_version -Xlinker 2 -Xlinker -dependency_info -Xlinker /Users/ryunosuke.senda/Library/Developer/Xcode/DerivedData/TealiumSampleApp-apaqijhcbzmbopbeyjnitpmdqfqn/Build/Intermediates.noindex/TealiumSampleApp.build/Debug-iphonesimulator/TealiumSampleApp.build/Objects-normal/x86_64/TealiumSampleApp_dependency_info.dat -Xlinker -sectcreate -Xlinker __TEXT -Xlinker __entitlements -Xlinker /Users/ryunosuke.senda/Library/Developer/Xcode/DerivedData/TealiumSampleApp-apaqijhcbzmbopbeyjnitpmdqfqn/Build/Intermediates.noindex/TealiumSampleApp.build/Debug-iphonesimulator/TealiumSampleApp.build/TealiumSampleApp.app-Simulated.xcent -Xlinker -sectcreate -Xlinker __TEXT -Xlinker __ents_der -Xlinker /Users/ryunosuke.senda/Library/Developer/Xcode/DerivedData/TealiumSampleApp-apaqijhcbzmbopbeyjnitpmdqfqn/Build/Intermediates.noindex/TealiumSampleApp.build/Debug-iphonesimulator/TealiumSampleApp.build/TealiumSampleApp.app-Simulated.xcent.der -Xlinker -no_adhoc_codesign -o /Users/ryunosuke.senda/Library/Developer/Xcode/DerivedData/TealiumSampleApp-apaqijhcbzmbopbeyjnitpmdqfqn/Build/Intermediates.noindex/TealiumSampleApp.build/Debug-iphonesimulator/TealiumSampleApp.build/Objects-normal/x86_64/Binary/__preview.dylib

ProcessInfoPlistFile /Users/ryunosuke.senda/Library/Developer/Xcode/DerivedData/TealiumSampleApp-apaqijhcbzmbopbeyjnitpmdqfqn/Build/Products/Debug-iphonesimulator/TealiumSampleApp.app/Info.plist /Users/ryunosuke.senda/Documents/dev/swiftSDK/TealiumSampleApp/Info.plist (in target 'TealiumSampleApp' from project 'TealiumSampleApp')
    cd /Users/ryunosuke.senda/Documents/dev/swiftSDK/TealiumSampleApp
    builtin-infoPlistUtility /Users/ryunosuke.senda/Documents/dev/swiftSDK/TealiumSampleApp/Info.plist -producttype com.apple.product-type.application -genpkginfo /Users/ryunosuke.senda/Library/Developer/Xcode/DerivedData/TealiumSampleApp-apaqijhcbzmbopbeyjnitpmdqfqn/Build/Products/Debug-iphonesimulator/TealiumSampleApp.app/PkgInfo -expandbuildsettings -format binary -platform iphonesimulator -o /Users/ryunosuke.senda/Library/Developer/Xcode/DerivedData/TealiumSampleApp-apaqijhcbzmbopbeyjnitpmdqfqn/Build/Products/Debug-iphonesimulator/TealiumSampleApp.app/Info.plist

SwiftDriver\ Compilation\ Requirements TealiumSampleApp normal x86_64 com.apple.xcode.tools.swift.compiler (in target 'TealiumSampleApp' from project 'TealiumSampleApp')
    cd /Users/ryunosuke.senda/Documents/dev/swiftSDK/TealiumSampleApp
    builtin-Swift-Compilation-Requirements -- /Applications/Xcode.app/Contents/Developer/Toolchains/XcodeDefault.xctoolchain/usr/bin/swiftc -module-name TealiumSampleApp -Onone -enforce-exclusivity\=checked @/Users/ryunosuke.senda/Library/Developer/Xcode/DerivedData/TealiumSampleApp-apaqijhcbzmbopbeyjnitpmdqfqn/Build/Intermediates.noindex/TealiumSampleApp.build/Debug-iphonesimulator/TealiumSampleApp.build/Objects-normal/x86_64/TealiumSampleApp.SwiftFileList -DDEBUG -D COCOAPODS -enable-bare-slash-regex -enable-experimental-feature DebugDescriptionMacro -sdk /Applications/Xcode.app/Contents/Developer/Platforms/iPhoneSimulator.platform/Developer/SDKs/iPhoneSimulator26.1.sdk -target x86_64-apple-ios14.0-simulator -g -module-cache-path /Users/ryunosuke.senda/Library/Developer/Xcode/DerivedData/ModuleCache.noindex -Xfrontend -serialize-debugging-options -enable-testing -index-store-path /Users/ryunosuke.senda/Library/Developer/Xcode/DerivedData/TealiumSampleApp-apaqijhcbzmbopbeyjnitpmdqfqn/Index.noindex/DataStore -Xcc -D_LIBCPP_HARDENING_MODE\=_LIBCPP_HARDENING_MODE_DEBUG -swift-version 5 -I /Users/ryunosuke.senda/Library/Developer/Xcode/DerivedData/TealiumSampleApp-apaqijhcbzmbopbeyjnitpmdqfqn/Build/Products/Debug-iphonesimulator -F /Users/ryunosuke.senda/Library/Developer/Xcode/DerivedData/TealiumSampleApp-apaqijhcbzmbopbeyjnitpmdqfqn/Build/Products/Debug-iphonesimulator -F /Users/ryunosuke.senda/Library/Developer/Xcode/DerivedData/TealiumSampleApp-apaqijhcbzmbopbeyjnitpmdqfqn/Build/Products/Debug-iphonesimulator/tealium-swift -c -j16 -enable-batch-mode -incremental -Xcc -ivfsstatcache -Xcc /Users/ryunosuke.senda/Library/Developer/Xcode/DerivedData/SDKStatCaches.noindex/iphonesimulator26.1-23B77-90cf18a4295e390e64c810bc6bd7acbc.sdkstatcache -output-file-map /Users/ryunosuke.senda/Library/Developer/Xcode/DerivedData/TealiumSampleApp-apaqijhcbzmbopbeyjnitpmdqfqn/Build/Intermediates.noindex/TealiumSampleApp.build/Debug-iphonesimulator/TealiumSampleApp.build/Objects-normal/x86_64/TealiumSampleApp-OutputFileMap.json -use-frontend-parseable-output -save-temps -no-color-diagnostics -explicit-module-build -module-cache-path /Users/ryunosuke.senda/Library/Developer/Xcode/DerivedData/TealiumSampleApp-apaqijhcbzmbopbeyjnitpmdqfqn/Build/Intermediates.noindex/SwiftExplicitPrecompiledModules -clang-scanner-module-cache-path /Users/ryunosuke.senda/Library/Developer/Xcode/DerivedData/ModuleCache.noindex -sdk-module-cache-path /Users/ryunosuke.senda/Library/Developer/Xcode/DerivedData/ModuleCache.noindex -serialize-diagnostics -emit-dependencies -emit-module -emit-module-path /Users/ryunosuke.senda/Library/Developer/Xcode/DerivedData/TealiumSampleApp-apaqijhcbzmbopbeyjnitpmdqfqn/Build/Intermediates.noindex/TealiumSampleApp.build/Debug-iphonesimulator/TealiumSampleApp.build/Objects-normal/x86_64/TealiumSampleApp.swiftmodule -validate-clang-modules-once -clang-build-session-file /Users/ryunosuke.senda/Library/Developer/Xcode/DerivedData/ModuleCache.noindex/Session.modulevalidation -Xcc -I/Users/ryunosuke.senda/Library/Developer/Xcode/DerivedData/TealiumSampleApp-apaqijhcbzmbopbeyjnitpmdqfqn/Build/Intermediates.noindex/TealiumSampleApp.build/Debug-iphonesimulator/TealiumSampleApp.build/swift-overrides.hmap -emit-const-values -Xfrontend -const-gather-protocols-file -Xfrontend /Users/ryunosuke.senda/Library/Developer/Xcode/DerivedData/TealiumSampleApp-apaqijhcbzmbopbeyjnitpmdqfqn/Build/Intermediates.noindex/TealiumSampleApp.build/Debug-iphonesimulator/TealiumSampleApp.build/Objects-normal/x86_64/TealiumSampleApp_const_extract_protocols.json -Xcc -iquote -Xcc /Users/ryunosuke.senda/Library/Developer/Xcode/DerivedData/TealiumSampleApp-apaqijhcbzmbopbeyjnitpmdqfqn/Build/Intermediates.noindex/TealiumSampleApp.build/Debug-iphonesimulator/TealiumSampleApp.build/TealiumSampleApp-generated-files.hmap -Xcc -I/Users/ryunosuke.senda/Library/Developer/Xcode/DerivedData/TealiumSampleApp-apaqijhcbzmbopbeyjnitpmdqfqn/Build/Intermediates.noindex/TealiumSampleApp.build/Debug-iphonesimulator/TealiumSampleApp.build/TealiumSampleApp-own-target-headers.hmap -Xcc -I/Users/ryunosuke.senda/Library/Developer/Xcode/DerivedData/TealiumSampleApp-apaqijhcbzmbopbeyjnitpmdqfqn/Build/Intermediates.noindex/TealiumSampleApp.build/Debug-iphonesimulator/TealiumSampleApp.build/TealiumSampleApp-all-non-framework-target-headers.hmap -Xcc -ivfsoverlay -Xcc /Users/ryunosuke.senda/Library/Developer/Xcode/DerivedData/TealiumSampleApp-apaqijhcbzmbopbeyjnitpmdqfqn/Build/Intermediates.noindex/TealiumSampleApp.build/Debug-iphonesimulator/TealiumSampleApp-25e3f8f1772e5714582a77935713b93d-VFS-iphonesimulator/all-product-headers.yaml -Xcc -iquote -Xcc /Users/ryunosuke.senda/Library/Developer/Xcode/DerivedData/TealiumSampleApp-apaqijhcbzmbopbeyjnitpmdqfqn/Build/Intermediates.noindex/TealiumSampleApp.build/Debug-iphonesimulator/TealiumSampleApp.build/TealiumSampleApp-project-headers.hmap -Xcc -I/Users/ryunosuke.senda/Library/Developer/Xcode/DerivedData/TealiumSampleApp-apaqijhcbzmbopbeyjnitpmdqfqn/Build/Products/Debug-iphonesimulator/include -Xcc -I/Users/ryunosuke.senda/Library/Developer/Xcode/DerivedData/TealiumSampleApp-apaqijhcbzmbopbeyjnitpmdqfqn/Build/Products/Debug-iphonesimulator/tealium-swift/TealiumSwift.framework/Headers -Xcc -I/Users/ryunosuke.senda/Library/Developer/Xcode/DerivedData/TealiumSampleApp-apaqijhcbzmbopbeyjnitpmdqfqn/Build/Intermediates.noindex/TealiumSampleApp.build/Debug-iphonesimulator/TealiumSampleApp.build/DerivedSources-normal/x86_64 -Xcc -I/Users/ryunosuke.senda/Library/Developer/Xcode/DerivedData/TealiumSampleApp-apaqijhcbzmbopbeyjnitpmdqfqn/Build/Intermediates.noindex/TealiumSampleApp.build/Debug-iphonesimulator/TealiumSampleApp.build/DerivedSources/x86_64 -Xcc -I/Users/ryunosuke.senda/Library/Developer/Xcode/DerivedData/TealiumSampleApp-apaqijhcbzmbopbeyjnitpmdqfqn/Build/Intermediates.noindex/TealiumSampleApp.build/Debug-iphonesimulator/TealiumSampleApp.build/DerivedSources -Xcc -DDEBUG\=1 -Xcc -DCOCOAPODS\=1 -emit-objc-header -emit-objc-header-path /Users/ryunosuke.senda/Library/Developer/Xcode/DerivedData/TealiumSampleApp-apaqijhcbzmbopbeyjnitpmdqfqn/Build/Intermediates.noindex/TealiumSampleApp.build/Debug-iphonesimulator/TealiumSampleApp.build/Objects-normal/x86_64/TealiumSampleApp-Swift.h -working-directory /Users/ryunosuke.senda/Documents/dev/swiftSDK/TealiumSampleApp -experimental-emit-module-separately -disable-cmo
error: Build input file cannot be found: '/Users/ryunosuke.senda/Documents/dev/swiftSDK/TealiumSampleApp/Sources/TealiumSampleApp/ContentView.swift'. Did you forget to declare this file as an output of a script phase or custom build rule which produces it? (in target 'TealiumSampleApp' from project 'TealiumSampleApp')

SwiftDriver\ Compilation TealiumSampleApp normal x86_64 com.apple.xcode.tools.swift.compiler (in target 'TealiumSampleApp' from project 'TealiumSampleApp')
    cd /Users/ryunosuke.senda/Documents/dev/swiftSDK/TealiumSampleApp
    builtin-Swift-Compilation -- /Applications/Xcode.app/Contents/Developer/Toolchains/XcodeDefault.xctoolchain/usr/bin/swiftc -module-name TealiumSampleApp -Onone -enforce-exclusivity\=checked @/Users/ryunosuke.senda/Library/Developer/Xcode/DerivedData/TealiumSampleApp-apaqijhcbzmbopbeyjnitpmdqfqn/Build/Intermediates.noindex/TealiumSampleApp.build/Debug-iphonesimulator/TealiumSampleApp.build/Objects-normal/x86_64/TealiumSampleApp.SwiftFileList -DDEBUG -D COCOAPODS -enable-bare-slash-regex -enable-experimental-feature DebugDescriptionMacro -sdk /Applications/Xcode.app/Contents/Developer/Platforms/iPhoneSimulator.platform/Developer/SDKs/iPhoneSimulator26.1.sdk -target x86_64-apple-ios14.0-simulator -g -module-cache-path /Users/ryunosuke.senda/Library/Developer/Xcode/DerivedData/ModuleCache.noindex -Xfrontend -serialize-debugging-options -enable-testing -index-store-path /Users/ryunosuke.senda/Library/Developer/Xcode/DerivedData/TealiumSampleApp-apaqijhcbzmbopbeyjnitpmdqfqn/Index.noindex/DataStore -Xcc -D_LIBCPP_HARDENING_MODE\=_LIBCPP_HARDENING_MODE_DEBUG -swift-version 5 -I /Users/ryunosuke.senda/Library/Developer/Xcode/DerivedData/TealiumSampleApp-apaqijhcbzmbopbeyjnitpmdqfqn/Build/Products/Debug-iphonesimulator -F /Users/ryunosuke.senda/Library/Developer/Xcode/DerivedData/TealiumSampleApp-apaqijhcbzmbopbeyjnitpmdqfqn/Build/Products/Debug-iphonesimulator -F /Users/ryunosuke.senda/Library/Developer/Xcode/DerivedData/TealiumSampleApp-apaqijhcbzmbopbeyjnitpmdqfqn/Build/Products/Debug-iphonesimulator/tealium-swift -c -j16 -enable-batch-mode -incremental -Xcc -ivfsstatcache -Xcc /Users/ryunosuke.senda/Library/Developer/Xcode/DerivedData/SDKStatCaches.noindex/iphonesimulator26.1-23B77-90cf18a4295e390e64c810bc6bd7acbc.sdkstatcache -output-file-map /Users/ryunosuke.senda/Library/Developer/Xcode/DerivedData/TealiumSampleApp-apaqijhcbzmbopbeyjnitpmdqfqn/Build/Intermediates.noindex/TealiumSampleApp.build/Debug-iphonesimulator/TealiumSampleApp.build/Objects-normal/x86_64/TealiumSampleApp-OutputFileMap.json -use-frontend-parseable-output -save-temps -no-color-diagnostics -explicit-module-build -module-cache-path /Users/ryunosuke.senda/Library/Developer/Xcode/DerivedData/TealiumSampleApp-apaqijhcbzmbopbeyjnitpmdqfqn/Build/Intermediates.noindex/SwiftExplicitPrecompiledModules -clang-scanner-module-cache-path /Users/ryunosuke.senda/Library/Developer/Xcode/DerivedData/ModuleCache.noindex -sdk-module-cache-path /Users/ryunosuke.senda/Library/Developer/Xcode/DerivedData/ModuleCache.noindex -serialize-diagnostics -emit-dependencies -emit-module -emit-module-path /Users/ryunosuke.senda/Library/Developer/Xcode/DerivedData/TealiumSampleApp-apaqijhcbzmbopbeyjnitpmdqfqn/Build/Intermediates.noindex/TealiumSampleApp.build/Debug-iphonesimulator/TealiumSampleApp.build/Objects-normal/x86_64/TealiumSampleApp.swiftmodule -validate-clang-modules-once -clang-build-session-file /Users/ryunosuke.senda/Library/Developer/Xcode/DerivedData/ModuleCache.noindex/Session.modulevalidation -Xcc -I/Users/ryunosuke.senda/Library/Developer/Xcode/DerivedData/TealiumSampleApp-apaqijhcbzmbopbeyjnitpmdqfqn/Build/Intermediates.noindex/TealiumSampleApp.build/Debug-iphonesimulator/TealiumSampleApp.build/swift-overrides.hmap -emit-const-values -Xfrontend -const-gather-protocols-file -Xfrontend /Users/ryunosuke.senda/Library/Developer/Xcode/DerivedData/TealiumSampleApp-apaqijhcbzmbopbeyjnitpmdqfqn/Build/Intermediates.noindex/TealiumSampleApp.build/Debug-iphonesimulator/TealiumSampleApp.build/Objects-normal/x86_64/TealiumSampleApp_const_extract_protocols.json -Xcc -iquote -Xcc /Users/ryunosuke.senda/Library/Developer/Xcode/DerivedData/TealiumSampleApp-apaqijhcbzmbopbeyjnitpmdqfqn/Build/Intermediates.noindex/TealiumSampleApp.build/Debug-iphonesimulator/TealiumSampleApp.build/TealiumSampleApp-generated-files.hmap -Xcc -I/Users/ryunosuke.senda/Library/Developer/Xcode/DerivedData/TealiumSampleApp-apaqijhcbzmbopbeyjnitpmdqfqn/Build/Intermediates.noindex/TealiumSampleApp.build/Debug-iphonesimulator/TealiumSampleApp.build/TealiumSampleApp-own-target-headers.hmap -Xcc -I/Users/ryunosuke.senda/Library/Developer/Xcode/DerivedData/TealiumSampleApp-apaqijhcbzmbopbeyjnitpmdqfqn/Build/Intermediates.noindex/TealiumSampleApp.build/Debug-iphonesimulator/TealiumSampleApp.build/TealiumSampleApp-all-non-framework-target-headers.hmap -Xcc -ivfsoverlay -Xcc /Users/ryunosuke.senda/Library/Developer/Xcode/DerivedData/TealiumSampleApp-apaqijhcbzmbopbeyjnitpmdqfqn/Build/Intermediates.noindex/TealiumSampleApp.build/Debug-iphonesimulator/TealiumSampleApp-25e3f8f1772e5714582a77935713b93d-VFS-iphonesimulator/all-product-headers.yaml -Xcc -iquote -Xcc /Users/ryunosuke.senda/Library/Developer/Xcode/DerivedData/TealiumSampleApp-apaqijhcbzmbopbeyjnitpmdqfqn/Build/Intermediates.noindex/TealiumSampleApp.build/Debug-iphonesimulator/TealiumSampleApp.build/TealiumSampleApp-project-headers.hmap -Xcc -I/Users/ryunosuke.senda/Library/Developer/Xcode/DerivedData/TealiumSampleApp-apaqijhcbzmbopbeyjnitpmdqfqn/Build/Products/Debug-iphonesimulator/include -Xcc -I/Users/ryunosuke.senda/Library/Developer/Xcode/DerivedData/TealiumSampleApp-apaqijhcbzmbopbeyjnitpmdqfqn/Build/Products/Debug-iphonesimulator/tealium-swift/TealiumSwift.framework/Headers -Xcc -I/Users/ryunosuke.senda/Library/Developer/Xcode/DerivedData/TealiumSampleApp-apaqijhcbzmbopbeyjnitpmdqfqn/Build/Intermediates.noindex/TealiumSampleApp.build/Debug-iphonesimulator/TealiumSampleApp.build/DerivedSources-normal/x86_64 -Xcc -I/Users/ryunosuke.senda/Library/Developer/Xcode/DerivedData/TealiumSampleApp-apaqijhcbzmbopbeyjnitpmdqfqn/Build/Intermediates.noindex/TealiumSampleApp.build/Debug-iphonesimulator/TealiumSampleApp.build/DerivedSources/x86_64 -Xcc -I/Users/ryunosuke.senda/Library/Developer/Xcode/DerivedData/TealiumSampleApp-apaqijhcbzmbopbeyjnitpmdqfqn/Build/Intermediates.noindex/TealiumSampleApp.build/Debug-iphonesimulator/TealiumSampleApp.build/DerivedSources -Xcc -DDEBUG\=1 -Xcc -DCOCOAPODS\=1 -emit-objc-header -emit-objc-header-path /Users/ryunosuke.senda/Library/Developer/Xcode/DerivedData/TealiumSampleApp-apaqijhcbzmbopbeyjnitpmdqfqn/Build/Intermediates.noindex/TealiumSampleApp.build/Debug-iphonesimulator/TealiumSampleApp.build/Objects-normal/x86_64/TealiumSampleApp-Swift.h -working-directory /Users/ryunosuke.senda/Documents/dev/swiftSDK/TealiumSampleApp -experimental-emit-module-separately -disable-cmo
error: Build input file cannot be found: '/Users/ryunosuke.senda/Documents/dev/swiftSDK/TealiumSampleApp/Sources/TealiumSampleApp/ContentView.swift'. Did you forget to declare this file as an output of a script phase or custom build rule which produces it? (in target 'TealiumSampleApp' from project 'TealiumSampleApp')

SwiftDriver\ Compilation\ Requirements TealiumSampleApp normal arm64 com.apple.xcode.tools.swift.compiler (in target 'TealiumSampleApp' from project 'TealiumSampleApp')
    cd /Users/ryunosuke.senda/Documents/dev/swiftSDK/TealiumSampleApp
    builtin-Swift-Compilation-Requirements -- /Applications/Xcode.app/Contents/Developer/Toolchains/XcodeDefault.xctoolchain/usr/bin/swiftc -module-name TealiumSampleApp -Onone -enforce-exclusivity\=checked @/Users/ryunosuke.senda/Library/Developer/Xcode/DerivedData/TealiumSampleApp-apaqijhcbzmbopbeyjnitpmdqfqn/Build/Intermediates.noindex/TealiumSampleApp.build/Debug-iphonesimulator/TealiumSampleApp.build/Objects-normal/arm64/TealiumSampleApp.SwiftFileList -DDEBUG -D COCOAPODS -enable-bare-slash-regex -enable-experimental-feature DebugDescriptionMacro -sdk /Applications/Xcode.app/Contents/Developer/Platforms/iPhoneSimulator.platform/Developer/SDKs/iPhoneSimulator26.1.sdk -target arm64-apple-ios14.0-simulator -g -module-cache-path /Users/ryunosuke.senda/Library/Developer/Xcode/DerivedData/ModuleCache.noindex -Xfrontend -serialize-debugging-options -enable-testing -index-store-path /Users/ryunosuke.senda/Library/Developer/Xcode/DerivedData/TealiumSampleApp-apaqijhcbzmbopbeyjnitpmdqfqn/Index.noindex/DataStore -Xcc -D_LIBCPP_HARDENING_MODE\=_LIBCPP_HARDENING_MODE_DEBUG -swift-version 5 -I /Users/ryunosuke.senda/Library/Developer/Xcode/DerivedData/TealiumSampleApp-apaqijhcbzmbopbeyjnitpmdqfqn/Build/Products/Debug-iphonesimulator -F /Users/ryunosuke.senda/Library/Developer/Xcode/DerivedData/TealiumSampleApp-apaqijhcbzmbopbeyjnitpmdqfqn/Build/Products/Debug-iphonesimulator -F /Users/ryunosuke.senda/Library/Developer/Xcode/DerivedData/TealiumSampleApp-apaqijhcbzmbopbeyjnitpmdqfqn/Build/Products/Debug-iphonesimulator/tealium-swift -c -j16 -enable-batch-mode -incremental -Xcc -ivfsstatcache -Xcc /Users/ryunosuke.senda/Library/Developer/Xcode/DerivedData/SDKStatCaches.noindex/iphonesimulator26.1-23B77-90cf18a4295e390e64c810bc6bd7acbc.sdkstatcache -output-file-map /Users/ryunosuke.senda/Library/Developer/Xcode/DerivedData/TealiumSampleApp-apaqijhcbzmbopbeyjnitpmdqfqn/Build/Intermediates.noindex/TealiumSampleApp.build/Debug-iphonesimulator/TealiumSampleApp.build/Objects-normal/arm64/TealiumSampleApp-OutputFileMap.json -use-frontend-parseable-output -save-temps -no-color-diagnostics -explicit-module-build -module-cache-path /Users/ryunosuke.senda/Library/Developer/Xcode/DerivedData/TealiumSampleApp-apaqijhcbzmbopbeyjnitpmdqfqn/Build/Intermediates.noindex/SwiftExplicitPrecompiledModules -clang-scanner-module-cache-path /Users/ryunosuke.senda/Library/Developer/Xcode/DerivedData/ModuleCache.noindex -sdk-module-cache-path /Users/ryunosuke.senda/Library/Developer/Xcode/DerivedData/ModuleCache.noindex -serialize-diagnostics -emit-dependencies -emit-module -emit-module-path /Users/ryunosuke.senda/Library/Developer/Xcode/DerivedData/TealiumSampleApp-apaqijhcbzmbopbeyjnitpmdqfqn/Build/Intermediates.noindex/TealiumSampleApp.build/Debug-iphonesimulator/TealiumSampleApp.build/Objects-normal/arm64/TealiumSampleApp.swiftmodule -validate-clang-modules-once -clang-build-session-file /Users/ryunosuke.senda/Library/Developer/Xcode/DerivedData/ModuleCache.noindex/Session.modulevalidation -Xcc -I/Users/ryunosuke.senda/Library/Developer/Xcode/DerivedData/TealiumSampleApp-apaqijhcbzmbopbeyjnitpmdqfqn/Build/Intermediates.noindex/TealiumSampleApp.build/Debug-iphonesimulator/TealiumSampleApp.build/swift-overrides.hmap -emit-const-values -Xfrontend -const-gather-protocols-file -Xfrontend /Users/ryunosuke.senda/Library/Developer/Xcode/DerivedData/TealiumSampleApp-apaqijhcbzmbopbeyjnitpmdqfqn/Build/Intermediates.noindex/TealiumSampleApp.build/Debug-iphonesimulator/TealiumSampleApp.build/Objects-normal/arm64/TealiumSampleApp_const_extract_protocols.json -Xcc -iquote -Xcc /Users/ryunosuke.senda/Library/Developer/Xcode/DerivedData/TealiumSampleApp-apaqijhcbzmbopbeyjnitpmdqfqn/Build/Intermediates.noindex/TealiumSampleApp.build/Debug-iphonesimulator/TealiumSampleApp.build/TealiumSampleApp-generated-files.hmap -Xcc -I/Users/ryunosuke.senda/Library/Developer/Xcode/DerivedData/TealiumSampleApp-apaqijhcbzmbopbeyjnitpmdqfqn/Build/Intermediates.noindex/TealiumSampleApp.build/Debug-iphonesimulator/TealiumSampleApp.build/TealiumSampleApp-own-target-headers.hmap -Xcc -I/Users/ryunosuke.senda/Library/Developer/Xcode/DerivedData/TealiumSampleApp-apaqijhcbzmbopbeyjnitpmdqfqn/Build/Intermediates.noindex/TealiumSampleApp.build/Debug-iphonesimulator/TealiumSampleApp.build/TealiumSampleApp-all-non-framework-target-headers.hmap -Xcc -ivfsoverlay -Xcc /Users/ryunosuke.senda/Library/Developer/Xcode/DerivedData/TealiumSampleApp-apaqijhcbzmbopbeyjnitpmdqfqn/Build/Intermediates.noindex/TealiumSampleApp.build/Debug-iphonesimulator/TealiumSampleApp-25e3f8f1772e5714582a77935713b93d-VFS-iphonesimulator/all-product-headers.yaml -Xcc -iquote -Xcc /Users/ryunosuke.senda/Library/Developer/Xcode/DerivedData/TealiumSampleApp-apaqijhcbzmbopbeyjnitpmdqfqn/Build/Intermediates.noindex/TealiumSampleApp.build/Debug-iphonesimulator/TealiumSampleApp.build/TealiumSampleApp-project-headers.hmap -Xcc -I/Users/ryunosuke.senda/Library/Developer/Xcode/DerivedData/TealiumSampleApp-apaqijhcbzmbopbeyjnitpmdqfqn/Build/Products/Debug-iphonesimulator/include -Xcc -I/Users/ryunosuke.senda/Library/Developer/Xcode/DerivedData/TealiumSampleApp-apaqijhcbzmbopbeyjnitpmdqfqn/Build/Products/Debug-iphonesimulator/tealium-swift/TealiumSwift.framework/Headers -Xcc -I/Users/ryunosuke.senda/Library/Developer/Xcode/DerivedData/TealiumSampleApp-apaqijhcbzmbopbeyjnitpmdqfqn/Build/Intermediates.noindex/TealiumSampleApp.build/Debug-iphonesimulator/TealiumSampleApp.build/DerivedSources-normal/arm64 -Xcc -I/Users/ryunosuke.senda/Library/Developer/Xcode/DerivedData/TealiumSampleApp-apaqijhcbzmbopbeyjnitpmdqfqn/Build/Intermediates.noindex/TealiumSampleApp.build/Debug-iphonesimulator/TealiumSampleApp.build/DerivedSources/arm64 -Xcc -I/Users/ryunosuke.senda/Library/Developer/Xcode/DerivedData/TealiumSampleApp-apaqijhcbzmbopbeyjnitpmdqfqn/Build/Intermediates.noindex/TealiumSampleApp.build/Debug-iphonesimulator/TealiumSampleApp.build/DerivedSources -Xcc -DDEBUG\=1 -Xcc -DCOCOAPODS\=1 -emit-objc-header -emit-objc-header-path /Users/ryunosuke.senda/Library/Developer/Xcode/DerivedData/TealiumSampleApp-apaqijhcbzmbopbeyjnitpmdqfqn/Build/Intermediates.noindex/TealiumSampleApp.build/Debug-iphonesimulator/TealiumSampleApp.build/Objects-normal/arm64/TealiumSampleApp-Swift.h -working-directory /Users/ryunosuke.senda/Documents/dev/swiftSDK/TealiumSampleApp -experimental-emit-module-separately -disable-cmo
error: Build input file cannot be found: '/Users/ryunosuke.senda/Documents/dev/swiftSDK/TealiumSampleApp/Sources/TealiumSampleApp/ContentView.swift'. Did you forget to declare this file as an output of a script phase or custom build rule which produces it? (in target 'TealiumSampleApp' from project 'TealiumSampleApp')

SwiftDriver\ Compilation TealiumSampleApp normal arm64 com.apple.xcode.tools.swift.compiler (in target 'TealiumSampleApp' from project 'TealiumSampleApp')
    cd /Users/ryunosuke.senda/Documents/dev/swiftSDK/TealiumSampleApp
    builtin-Swift-Compilation -- /Applications/Xcode.app/Contents/Developer/Toolchains/XcodeDefault.xctoolchain/usr/bin/swiftc -module-name TealiumSampleApp -Onone -enforce-exclusivity\=checked @/Users/ryunosuke.senda/Library/Developer/Xcode/DerivedData/TealiumSampleApp-apaqijhcbzmbopbeyjnitpmdqfqn/Build/Intermediates.noindex/TealiumSampleApp.build/Debug-iphonesimulator/TealiumSampleApp.build/Objects-normal/arm64/TealiumSampleApp.SwiftFileList -DDEBUG -D COCOAPODS -enable-bare-slash-regex -enable-experimental-feature DebugDescriptionMacro -sdk /Applications/Xcode.app/Contents/Developer/Platforms/iPhoneSimulator.platform/Developer/SDKs/iPhoneSimulator26.1.sdk -target arm64-apple-ios14.0-simulator -g -module-cache-path /Users/ryunosuke.senda/Library/Developer/Xcode/DerivedData/ModuleCache.noindex -Xfrontend -serialize-debugging-options -enable-testing -index-store-path /Users/ryunosuke.senda/Library/Developer/Xcode/DerivedData/TealiumSampleApp-apaqijhcbzmbopbeyjnitpmdqfqn/Index.noindex/DataStore -Xcc -D_LIBCPP_HARDENING_MODE\=_LIBCPP_HARDENING_MODE_DEBUG -swift-version 5 -I /Users/ryunosuke.senda/Library/Developer/Xcode/DerivedData/TealiumSampleApp-apaqijhcbzmbopbeyjnitpmdqfqn/Build/Products/Debug-iphonesimulator -F /Users/ryunosuke.senda/Library/Developer/Xcode/DerivedData/TealiumSampleApp-apaqijhcbzmbopbeyjnitpmdqfqn/Build/Products/Debug-iphonesimulator -F /Users/ryunosuke.senda/Library/Developer/Xcode/DerivedData/TealiumSampleApp-apaqijhcbzmbopbeyjnitpmdqfqn/Build/Products/Debug-iphonesimulator/tealium-swift -c -j16 -enable-batch-mode -incremental -Xcc -ivfsstatcache -Xcc /Users/ryunosuke.senda/Library/Developer/Xcode/DerivedData/SDKStatCaches.noindex/iphonesimulator26.1-23B77-90cf18a4295e390e64c810bc6bd7acbc.sdkstatcache -output-file-map /Users/ryunosuke.senda/Library/Developer/Xcode/DerivedData/TealiumSampleApp-apaqijhcbzmbopbeyjnitpmdqfqn/Build/Intermediates.noindex/TealiumSampleApp.build/Debug-iphonesimulator/TealiumSampleApp.build/Objects-normal/arm64/TealiumSampleApp-OutputFileMap.json -use-frontend-parseable-output -save-temps -no-color-diagnostics -explicit-module-build -module-cache-path /Users/ryunosuke.senda/Library/Developer/Xcode/DerivedData/TealiumSampleApp-apaqijhcbzmbopbeyjnitpmdqfqn/Build/Intermediates.noindex/SwiftExplicitPrecompiledModules -clang-scanner-module-cache-path /Users/ryunosuke.senda/Library/Developer/Xcode/DerivedData/ModuleCache.noindex -sdk-module-cache-path /Users/ryunosuke.senda/Library/Developer/Xcode/DerivedData/ModuleCache.noindex -serialize-diagnostics -emit-dependencies -emit-module -emit-module-path /Users/ryunosuke.senda/Library/Developer/Xcode/DerivedData/TealiumSampleApp-apaqijhcbzmbopbeyjnitpmdqfqn/Build/Intermediates.noindex/TealiumSampleApp.build/Debug-iphonesimulator/TealiumSampleApp.build/Objects-normal/arm64/TealiumSampleApp.swiftmodule -validate-clang-modules-once -clang-build-session-file /Users/ryunosuke.senda/Library/Developer/Xcode/DerivedData/ModuleCache.noindex/Session.modulevalidation -Xcc -I/Users/ryunosuke.senda/Library/Developer/Xcode/DerivedData/TealiumSampleApp-apaqijhcbzmbopbeyjnitpmdqfqn/Build/Intermediates.noindex/TealiumSampleApp.build/Debug-iphonesimulator/TealiumSampleApp.build/swift-overrides.hmap -emit-const-values -Xfrontend -const-gather-protocols-file -Xfrontend /Users/ryunosuke.senda/Library/Developer/Xcode/DerivedData/TealiumSampleApp-apaqijhcbzmbopbeyjnitpmdqfqn/Build/Intermediates.noindex/TealiumSampleApp.build/Debug-iphonesimulator/TealiumSampleApp.build/Objects-normal/arm64/TealiumSampleApp_const_extract_protocols.json -Xcc -iquote -Xcc /Users/ryunosuke.senda/Library/Developer/Xcode/DerivedData/TealiumSampleApp-apaqijhcbzmbopbeyjnitpmdqfqn/Build/Intermediates.noindex/TealiumSampleApp.build/Debug-iphonesimulator/TealiumSampleApp.build/TealiumSampleApp-generated-files.hmap -Xcc -I/Users/ryunosuke.senda/Library/Developer/Xcode/DerivedData/TealiumSampleApp-apaqijhcbzmbopbeyjnitpmdqfqn/Build/Intermediates.noindex/TealiumSampleApp.build/Debug-iphonesimulator/TealiumSampleApp.build/TealiumSampleApp-own-target-headers.hmap -Xcc -I/Users/ryunosuke.senda/Library/Developer/Xcode/DerivedData/TealiumSampleApp-apaqijhcbzmbopbeyjnitpmdqfqn/Build/Intermediates.noindex/TealiumSampleApp.build/Debug-iphonesimulator/TealiumSampleApp.build/TealiumSampleApp-all-non-framework-target-headers.hmap -Xcc -ivfsoverlay -Xcc /Users/ryunosuke.senda/Library/Developer/Xcode/DerivedData/TealiumSampleApp-apaqijhcbzmbopbeyjnitpmdqfqn/Build/Intermediates.noindex/TealiumSampleApp.build/Debug-iphonesimulator/TealiumSampleApp-25e3f8f1772e5714582a77935713b93d-VFS-iphonesimulator/all-product-headers.yaml -Xcc -iquote -Xcc /Users/ryunosuke.senda/Library/Developer/Xcode/DerivedData/TealiumSampleApp-apaqijhcbzmbopbeyjnitpmdqfqn/Build/Intermediates.noindex/TealiumSampleApp.build/Debug-iphonesimulator/TealiumSampleApp.build/TealiumSampleApp-project-headers.hmap -Xcc -I/Users/ryunosuke.senda/Library/Developer/Xcode/DerivedData/TealiumSampleApp-apaqijhcbzmbopbeyjnitpmdqfqn/Build/Products/Debug-iphonesimulator/include -Xcc -I/Users/ryunosuke.senda/Library/Developer/Xcode/DerivedData/TealiumSampleApp-apaqijhcbzmbopbeyjnitpmdqfqn/Build/Products/Debug-iphonesimulator/tealium-swift/TealiumSwift.framework/Headers -Xcc -I/Users/ryunosuke.senda/Library/Developer/Xcode/DerivedData/TealiumSampleApp-apaqijhcbzmbopbeyjnitpmdqfqn/Build/Intermediates.noindex/TealiumSampleApp.build/Debug-iphonesimulator/TealiumSampleApp.build/DerivedSources-normal/arm64 -Xcc -I/Users/ryunosuke.senda/Library/Developer/Xcode/DerivedData/TealiumSampleApp-apaqijhcbzmbopbeyjnitpmdqfqn/Build/Intermediates.noindex/TealiumSampleApp.build/Debug-iphonesimulator/TealiumSampleApp.build/DerivedSources/arm64 -Xcc -I/Users/ryunosuke.senda/Library/Developer/Xcode/DerivedData/TealiumSampleApp-apaqijhcbzmbopbeyjnitpmdqfqn/Build/Intermediates.noindex/TealiumSampleApp.build/Debug-iphonesimulator/TealiumSampleApp.build/DerivedSources -Xcc -DDEBUG\=1 -Xcc -DCOCOAPODS\=1 -emit-objc-header -emit-objc-header-path /Users/ryunosuke.senda/Library/Developer/Xcode/DerivedData/TealiumSampleApp-apaqijhcbzmbopbeyjnitpmdqfqn/Build/Intermediates.noindex/TealiumSampleApp.build/Debug-iphonesimulator/TealiumSampleApp.build/Objects-normal/arm64/TealiumSampleApp-Swift.h -working-directory /Users/ryunosuke.senda/Documents/dev/swiftSDK/TealiumSampleApp -experimental-emit-module-separately -disable-cmo
error: Build input file cannot be found: '/Users/ryunosuke.senda/Documents/dev/swiftSDK/TealiumSampleApp/Sources/TealiumSampleApp/ContentView.swift'. Did you forget to declare this file as an output of a script phase or custom build rule which produces it? (in target 'TealiumSampleApp' from project 'TealiumSampleApp')

/Users/ryunosuke.senda/Documents/dev/swiftSDK/TealiumSampleApp/Pods/Pods.xcodeproj: warning: The iOS Simulator deployment target 'IPHONEOS_DEPLOYMENT_TARGET' is set to 11.0, but the range of supported deployment target versions is 12.0 to 26.1.99. (in target 'tealium-swift' from project 'Pods')
** BUILD FAILED **


The following build commands failed:
	SwiftDriver\ Compilation\ Requirements TealiumSampleApp normal x86_64 com.apple.xcode.tools.swift.compiler (in target 'TealiumSampleApp' from project 'TealiumSampleApp')
	SwiftDriver\ Compilation TealiumSampleApp normal x86_64 com.apple.xcode.tools.swift.compiler (in target 'TealiumSampleApp' from project 'TealiumSampleApp')
	SwiftDriver\ Compilation\ Requirements TealiumSampleApp normal arm64 com.apple.xcode.tools.swift.compiler (in target 'TealiumSampleApp' from project 'TealiumSampleApp')
	SwiftDriver\ Compilation TealiumSampleApp normal arm64 com.apple.xcode.tools.swift.compiler (in target 'TealiumSampleApp' from project 'TealiumSampleApp')
	Building workspace TealiumSampleApp with scheme TealiumSampleApp and configuration Debug
(5 failures)
